
> tempus-system-frontend@2.0.0 build
> next build

   ▲ Next.js 15.0.7
   - Environments: .env.local

   Creating an optimized production build ...
request to https://fonts.googleapis.com/css2?family=Outfit:wght@100..900&display=swap failed, reason: getaddrinfo ENOTFOUND fonts.googleapis.com

Retrying 1/3...
request to https://fonts.googleapis.com/css2?family=Outfit:wght@100..900&display=swap failed, reason: getaddrinfo ENOTFOUND fonts.googleapis.com

Retrying 2/3...
request to https://fonts.googleapis.com/css2?family=Outfit:wght@100..900&display=swap failed, reason: getaddrinfo ENOTFOUND fonts.googleapis.com

Retrying 3/3...
Error [FetchError]: request to https://fonts.googleapis.com/css2?family=Outfit:wght@100..900&display=swap failed, reason: getaddrinfo ENOTFOUND fonts.googleapis.com
    at ClientRequest.<anonymous> (/Users/arifari/Desktop/TT_Sistem_AG kopyası/frontend/node_modules/next/dist/compiled/node-fetch/index.js:1:66159) {
  type: 'system',
  errno: 'ENOTFOUND',
  code: 'ENOTFOUND',
  constructor: [Function: FetchError]
}
<w> [webpack.cache.PackFileCacheStrategy] Caching failed for pack: Error: Unable to snapshot resolve dependencies
<w> [webpack.cache.PackFileCacheStrategy] Caching failed for pack: Error: Unable to snapshot resolve dependencies
Failed to compile.

src/app/layout.tsx
`next/font` error:
Failed to fetch `Outfit` from Google Fonts.


> Build failed because of webpack errors
